// Jest Snapshot v1, https://goo.gl/fbAQLP

exports[`Marquee should render the Marquee component 1`] = `
<div>
  <div
    class="css-f7z3ss"
    style="display: flex; overflow: hidden; padding: 0.5rem; flex-direction: row;"
  >
    <div
      class="css-110dw0g"
      style="will-change: transform;"
    >
      Test container
    </div>
    <div
      class="css-110dw0g"
      style="will-change: transform;"
    >
      Test container
    </div>
    <div
      class="css-110dw0g"
      style="will-change: transform;"
    >
      Test container
    </div>
    <div
      class="css-110dw0g"
      style="will-change: transform;"
    >
      Test container
    </div>
  </div>
</div>
`;

exports[`Marquee should render the Marquee component 2`] = `
<div>
  <div
    class="css-f7z3ss"
    style="display: flex; overflow: hidden; padding: 0.5rem; flex-direction: row;"
  >
    <div
      class="css-a3e8py"
      style="will-change: transform;"
    >
      Test container
    </div>
    <div
      class="css-a3e8py"
      style="will-change: transform;"
    >
      Test container
    </div>
    <div
      class="css-a3e8py"
      style="will-change: transform;"
    >
      Test container
    </div>
    <div
      class="css-a3e8py"
      style="will-change: transform;"
    >
      Test container
    </div>
    <div
      class="css-a3e8py"
      style="will-change: transform;"
    >
      Test container
    </div>
    <div
      class="css-a3e8py"
      style="will-change: transform;"
    >
      Test container
    </div>
    <div
      class="css-a3e8py"
      style="will-change: transform;"
    >
      Test container
    </div>
    <div
      class="css-a3e8py"
      style="will-change: transform;"
    >
      Test container
    </div>
    <div
      class="css-a3e8py"
      style="will-change: transform;"
    >
      Test container
    </div>
    <div
      class="css-a3e8py"
      style="will-change: transform;"
    >
      Test container
    </div>
    <div
      class="css-a3e8py"
      style="will-change: transform;"
    >
      Test container
    </div>
    <div
      class="css-a3e8py"
      style="will-change: transform;"
    >
      Test container
    </div>
    <div
      class="css-a3e8py"
      style="will-change: transform;"
    >
      Test container
    </div>
    <div
      class="css-a3e8py"
      style="will-change: transform;"
    >
      Test container
    </div>
    <div
      class="css-a3e8py"
      style="will-change: transform;"
    >
      Test container
    </div>
    <div
      class="css-a3e8py"
      style="will-change: transform;"
    >
      Test container
    </div>
    <div
      class="css-a3e8py"
      style="will-change: transform;"
    >
      Test container
    </div>
    <div
      class="css-a3e8py"
      style="will-change: transform;"
    >
      Test container
    </div>
    <div
      class="css-a3e8py"
      style="will-change: transform;"
    >
      Test container
    </div>
    <div
      class="css-a3e8py"
      style="will-change: transform;"
    >
      Test container
    </div>
    <div
      class="css-a3e8py"
      style="will-change: transform;"
    >
      Test container
    </div>
    <div
      class="css-a3e8py"
      style="will-change: transform;"
    >
      Test container
    </div>
    <div
      class="css-a3e8py"
      style="will-change: transform;"
    >
      Test container
    </div>
    <div
      class="css-a3e8py"
      style="will-change: transform;"
    >
      Test container
    </div>
    <div
      class="css-a3e8py"
      style="will-change: transform;"
    >
      Test container
    </div>
    <div
      class="css-a3e8py"
      style="will-change: transform;"
    >
      Test container
    </div>
    <div
      class="css-a3e8py"
      style="will-change: transform;"
    >
      Test container
    </div>
    <div
      class="css-a3e8py"
      style="will-change: transform;"
    >
      Test container
    </div>
    <div
      class="css-a3e8py"
      style="will-change: transform;"
    >
      Test container
    </div>
    <div
      class="css-a3e8py"
      style="will-change: transform;"
    >
      Test container
    </div>
    <div
      class="css-a3e8py"
      style="will-change: transform;"
    >
      Test container
    </div>
    <div
      class="css-a3e8py"
      style="will-change: transform;"
    >
      Test container
    </div>
    <div
      class="css-a3e8py"
      style="will-change: transform;"
    >
      Test container
    </div>
    <div
      class="css-a3e8py"
      style="will-change: transform;"
    >
      Test container
    </div>
    <div
      class="css-a3e8py"
      style="will-change: transform;"
    >
      Test container
    </div>
    <div
      class="css-a3e8py"
      style="will-change: transform;"
    >
      Test container
    </div>
    <div
      class="css-a3e8py"
      style="will-change: transform;"
    >
      Test container
    </div>
    <div
      class="css-a3e8py"
      style="will-change: transform;"
    >
      Test container
    </div>
    <div
      class="css-a3e8py"
      style="will-change: transform;"
    >
      Test container
    </div>
    <div
      class="css-a3e8py"
      style="will-change: transform;"
    >
      Test container
    </div>
  </div>
</div>
`;

exports[`Marquee should render the Marquee component with horizontal direction 1`] = `
<div>
  <div
    class="css-f7z3ss"
    style="display: flex; overflow: hidden; padding: 0.5rem; flex-direction: row;"
  >
    <div
      class="css-a3e8py"
      style="will-change: transform;"
    >
      Test container
    </div>
    <div
      class="css-a3e8py"
      style="will-change: transform;"
    >
      Test container
    </div>
    <div
      class="css-a3e8py"
      style="will-change: transform;"
    >
      Test container
    </div>
    <div
      class="css-a3e8py"
      style="will-change: transform;"
    >
      Test container
    </div>
    <div
      class="css-a3e8py"
      style="will-change: transform;"
    >
      Test container
    </div>
    <div
      class="css-a3e8py"
      style="will-change: transform;"
    >
      Test container
    </div>
    <div
      class="css-a3e8py"
      style="will-change: transform;"
    >
      Test container
    </div>
    <div
      class="css-a3e8py"
      style="will-change: transform;"
    >
      Test container
    </div>
    <div
      class="css-a3e8py"
      style="will-change: transform;"
    >
      Test container
    </div>
    <div
      class="css-a3e8py"
      style="will-change: transform;"
    >
      Test container
    </div>
    <div
      class="css-a3e8py"
      style="will-change: transform;"
    >
      Test container
    </div>
    <div
      class="css-a3e8py"
      style="will-change: transform;"
    >
      Test container
    </div>
    <div
      class="css-a3e8py"
      style="will-change: transform;"
    >
      Test container
    </div>
    <div
      class="css-a3e8py"
      style="will-change: transform;"
    >
      Test container
    </div>
    <div
      class="css-a3e8py"
      style="will-change: transform;"
    >
      Test container
    </div>
    <div
      class="css-a3e8py"
      style="will-change: transform;"
    >
      Test container
    </div>
    <div
      class="css-a3e8py"
      style="will-change: transform;"
    >
      Test container
    </div>
    <div
      class="css-a3e8py"
      style="will-change: transform;"
    >
      Test container
    </div>
    <div
      class="css-a3e8py"
      style="will-change: transform;"
    >
      Test container
    </div>
    <div
      class="css-a3e8py"
      style="will-change: transform;"
    >
      Test container
    </div>
    <div
      class="css-a3e8py"
      style="will-change: transform;"
    >
      Test container
    </div>
    <div
      class="css-a3e8py"
      style="will-change: transform;"
    >
      Test container
    </div>
    <div
      class="css-a3e8py"
      style="will-change: transform;"
    >
      Test container
    </div>
    <div
      class="css-a3e8py"
      style="will-change: transform;"
    >
      Test container
    </div>
    <div
      class="css-a3e8py"
      style="will-change: transform;"
    >
      Test container
    </div>
    <div
      class="css-a3e8py"
      style="will-change: transform;"
    >
      Test container
    </div>
    <div
      class="css-a3e8py"
      style="will-change: transform;"
    >
      Test container
    </div>
    <div
      class="css-a3e8py"
      style="will-change: transform;"
    >
      Test container
    </div>
    <div
      class="css-a3e8py"
      style="will-change: transform;"
    >
      Test container
    </div>
    <div
      class="css-a3e8py"
      style="will-change: transform;"
    >
      Test container
    </div>
    <div
      class="css-a3e8py"
      style="will-change: transform;"
    >
      Test container
    </div>
    <div
      class="css-a3e8py"
      style="will-change: transform;"
    >
      Test container
    </div>
    <div
      class="css-a3e8py"
      style="will-change: transform;"
    >
      Test container
    </div>
    <div
      class="css-a3e8py"
      style="will-change: transform;"
    >
      Test container
    </div>
    <div
      class="css-a3e8py"
      style="will-change: transform;"
    >
      Test container
    </div>
    <div
      class="css-a3e8py"
      style="will-change: transform;"
    >
      Test container
    </div>
    <div
      class="css-a3e8py"
      style="will-change: transform;"
    >
      Test container
    </div>
    <div
      class="css-a3e8py"
      style="will-change: transform;"
    >
      Test container
    </div>
    <div
      class="css-a3e8py"
      style="will-change: transform;"
    >
      Test container
    </div>
    <div
      class="css-a3e8py"
      style="will-change: transform;"
    >
      Test container
    </div>
  </div>
</div>
`;

exports[`Marquee should render the Marquee component with reverse false 1`] = `
<div>
  <div
    class="css-f7z3ss"
    style="display: flex; overflow: hidden; padding: 0.5rem; flex-direction: row;"
  >
    <div
      class="css-110dw0g"
      style="will-change: transform;"
    >
      Test container
    </div>
    <div
      class="css-110dw0g"
      style="will-change: transform;"
    >
      Test container
    </div>
    <div
      class="css-110dw0g"
      style="will-change: transform;"
    >
      Test container
    </div>
    <div
      class="css-110dw0g"
      style="will-change: transform;"
    >
      Test container
    </div>
    <div
      class="css-110dw0g"
      style="will-change: transform;"
    >
      Test container
    </div>
    <div
      class="css-110dw0g"
      style="will-change: transform;"
    >
      Test container
    </div>
    <div
      class="css-110dw0g"
      style="will-change: transform;"
    >
      Test container
    </div>
    <div
      class="css-110dw0g"
      style="will-change: transform;"
    >
      Test container
    </div>
    <div
      class="css-110dw0g"
      style="will-change: transform;"
    >
      Test container
    </div>
    <div
      class="css-110dw0g"
      style="will-change: transform;"
    >
      Test container
    </div>
    <div
      class="css-110dw0g"
      style="will-change: transform;"
    >
      Test container
    </div>
    <div
      class="css-110dw0g"
      style="will-change: transform;"
    >
      Test container
    </div>
    <div
      class="css-110dw0g"
      style="will-change: transform;"
    >
      Test container
    </div>
    <div
      class="css-110dw0g"
      style="will-change: transform;"
    >
      Test container
    </div>
    <div
      class="css-110dw0g"
      style="will-change: transform;"
    >
      Test container
    </div>
    <div
      class="css-110dw0g"
      style="will-change: transform;"
    >
      Test container
    </div>
    <div
      class="css-110dw0g"
      style="will-change: transform;"
    >
      Test container
    </div>
    <div
      class="css-110dw0g"
      style="will-change: transform;"
    >
      Test container
    </div>
    <div
      class="css-110dw0g"
      style="will-change: transform;"
    >
      Test container
    </div>
    <div
      class="css-110dw0g"
      style="will-change: transform;"
    >
      Test container
    </div>
    <div
      class="css-110dw0g"
      style="will-change: transform;"
    >
      Test container
    </div>
    <div
      class="css-110dw0g"
      style="will-change: transform;"
    >
      Test container
    </div>
    <div
      class="css-110dw0g"
      style="will-change: transform;"
    >
      Test container
    </div>
    <div
      class="css-110dw0g"
      style="will-change: transform;"
    >
      Test container
    </div>
    <div
      class="css-110dw0g"
      style="will-change: transform;"
    >
      Test container
    </div>
    <div
      class="css-110dw0g"
      style="will-change: transform;"
    >
      Test container
    </div>
    <div
      class="css-110dw0g"
      style="will-change: transform;"
    >
      Test container
    </div>
    <div
      class="css-110dw0g"
      style="will-change: transform;"
    >
      Test container
    </div>
    <div
      class="css-110dw0g"
      style="will-change: transform;"
    >
      Test container
    </div>
    <div
      class="css-110dw0g"
      style="will-change: transform;"
    >
      Test container
    </div>
    <div
      class="css-110dw0g"
      style="will-change: transform;"
    >
      Test container
    </div>
    <div
      class="css-110dw0g"
      style="will-change: transform;"
    >
      Test container
    </div>
    <div
      class="css-110dw0g"
      style="will-change: transform;"
    >
      Test container
    </div>
    <div
      class="css-110dw0g"
      style="will-change: transform;"
    >
      Test container
    </div>
    <div
      class="css-110dw0g"
      style="will-change: transform;"
    >
      Test container
    </div>
    <div
      class="css-110dw0g"
      style="will-change: transform;"
    >
      Test container
    </div>
    <div
      class="css-110dw0g"
      style="will-change: transform;"
    >
      Test container
    </div>
    <div
      class="css-110dw0g"
      style="will-change: transform;"
    >
      Test container
    </div>
    <div
      class="css-110dw0g"
      style="will-change: transform;"
    >
      Test container
    </div>
    <div
      class="css-110dw0g"
      style="will-change: transform;"
    >
      Test container
    </div>
  </div>
</div>
`;

exports[`Marquee should render the Marquee component with vertical direction 1`] = `
<div>
  <div
    class="css-f7z3ss"
    style="display: flex; overflow: hidden; padding: 0.5rem; flex-direction: column;"
  >
    <div
      class="css-17slztu"
      style="will-change: transform;"
    >
      Test container
    </div>
    <div
      class="css-17slztu"
      style="will-change: transform;"
    >
      Test container
    </div>
    <div
      class="css-17slztu"
      style="will-change: transform;"
    >
      Test container
    </div>
    <div
      class="css-17slztu"
      style="will-change: transform;"
    >
      Test container
    </div>
    <div
      class="css-17slztu"
      style="will-change: transform;"
    >
      Test container
    </div>
    <div
      class="css-17slztu"
      style="will-change: transform;"
    >
      Test container
    </div>
    <div
      class="css-17slztu"
      style="will-change: transform;"
    >
      Test container
    </div>
    <div
      class="css-17slztu"
      style="will-change: transform;"
    >
      Test container
    </div>
    <div
      class="css-17slztu"
      style="will-change: transform;"
    >
      Test container
    </div>
    <div
      class="css-17slztu"
      style="will-change: transform;"
    >
      Test container
    </div>
    <div
      class="css-17slztu"
      style="will-change: transform;"
    >
      Test container
    </div>
    <div
      class="css-17slztu"
      style="will-change: transform;"
    >
      Test container
    </div>
    <div
      class="css-17slztu"
      style="will-change: transform;"
    >
      Test container
    </div>
    <div
      class="css-17slztu"
      style="will-change: transform;"
    >
      Test container
    </div>
    <div
      class="css-17slztu"
      style="will-change: transform;"
    >
      Test container
    </div>
    <div
      class="css-17slztu"
      style="will-change: transform;"
    >
      Test container
    </div>
    <div
      class="css-17slztu"
      style="will-change: transform;"
    >
      Test container
    </div>
    <div
      class="css-17slztu"
      style="will-change: transform;"
    >
      Test container
    </div>
    <div
      class="css-17slztu"
      style="will-change: transform;"
    >
      Test container
    </div>
    <div
      class="css-17slztu"
      style="will-change: transform;"
    >
      Test container
    </div>
    <div
      class="css-17slztu"
      style="will-change: transform;"
    >
      Test container
    </div>
    <div
      class="css-17slztu"
      style="will-change: transform;"
    >
      Test container
    </div>
    <div
      class="css-17slztu"
      style="will-change: transform;"
    >
      Test container
    </div>
    <div
      class="css-17slztu"
      style="will-change: transform;"
    >
      Test container
    </div>
    <div
      class="css-17slztu"
      style="will-change: transform;"
    >
      Test container
    </div>
    <div
      class="css-17slztu"
      style="will-change: transform;"
    >
      Test container
    </div>
    <div
      class="css-17slztu"
      style="will-change: transform;"
    >
      Test container
    </div>
    <div
      class="css-17slztu"
      style="will-change: transform;"
    >
      Test container
    </div>
    <div
      class="css-17slztu"
      style="will-change: transform;"
    >
      Test container
    </div>
    <div
      class="css-17slztu"
      style="will-change: transform;"
    >
      Test container
    </div>
    <div
      class="css-17slztu"
      style="will-change: transform;"
    >
      Test container
    </div>
    <div
      class="css-17slztu"
      style="will-change: transform;"
    >
      Test container
    </div>
    <div
      class="css-17slztu"
      style="will-change: transform;"
    >
      Test container
    </div>
    <div
      class="css-17slztu"
      style="will-change: transform;"
    >
      Test container
    </div>
    <div
      class="css-17slztu"
      style="will-change: transform;"
    >
      Test container
    </div>
    <div
      class="css-17slztu"
      style="will-change: transform;"
    >
      Test container
    </div>
    <div
      class="css-17slztu"
      style="will-change: transform;"
    >
      Test container
    </div>
    <div
      class="css-17slztu"
      style="will-change: transform;"
    >
      Test container
    </div>
    <div
      class="css-17slztu"
      style="will-change: transform;"
    >
      Test container
    </div>
    <div
      class="css-17slztu"
      style="will-change: transform;"
    >
      Test container
    </div>
  </div>
</div>
`;

exports[`Marquee should render the Marquee component without hover 1`] = `
<div>
  <div
    class="css-f7z3ss"
    style="display: flex; overflow: hidden; padding: 0.5rem; flex-direction: row;"
  >
    <div
      class="css-a3e8py"
      style="will-change: transform;"
    >
      Test container
    </div>
    <div
      class="css-a3e8py"
      style="will-change: transform;"
    >
      Test container
    </div>
    <div
      class="css-a3e8py"
      style="will-change: transform;"
    >
      Test container
    </div>
    <div
      class="css-a3e8py"
      style="will-change: transform;"
    >
      Test container
    </div>
    <div
      class="css-a3e8py"
      style="will-change: transform;"
    >
      Test container
    </div>
    <div
      class="css-a3e8py"
      style="will-change: transform;"
    >
      Test container
    </div>
    <div
      class="css-a3e8py"
      style="will-change: transform;"
    >
      Test container
    </div>
    <div
      class="css-a3e8py"
      style="will-change: transform;"
    >
      Test container
    </div>
    <div
      class="css-a3e8py"
      style="will-change: transform;"
    >
      Test container
    </div>
    <div
      class="css-a3e8py"
      style="will-change: transform;"
    >
      Test container
    </div>
    <div
      class="css-a3e8py"
      style="will-change: transform;"
    >
      Test container
    </div>
    <div
      class="css-a3e8py"
      style="will-change: transform;"
    >
      Test container
    </div>
    <div
      class="css-a3e8py"
      style="will-change: transform;"
    >
      Test container
    </div>
    <div
      class="css-a3e8py"
      style="will-change: transform;"
    >
      Test container
    </div>
    <div
      class="css-a3e8py"
      style="will-change: transform;"
    >
      Test container
    </div>
    <div
      class="css-a3e8py"
      style="will-change: transform;"
    >
      Test container
    </div>
    <div
      class="css-a3e8py"
      style="will-change: transform;"
    >
      Test container
    </div>
    <div
      class="css-a3e8py"
      style="will-change: transform;"
    >
      Test container
    </div>
    <div
      class="css-a3e8py"
      style="will-change: transform;"
    >
      Test container
    </div>
    <div
      class="css-a3e8py"
      style="will-change: transform;"
    >
      Test container
    </div>
    <div
      class="css-a3e8py"
      style="will-change: transform;"
    >
      Test container
    </div>
    <div
      class="css-a3e8py"
      style="will-change: transform;"
    >
      Test container
    </div>
    <div
      class="css-a3e8py"
      style="will-change: transform;"
    >
      Test container
    </div>
    <div
      class="css-a3e8py"
      style="will-change: transform;"
    >
      Test container
    </div>
    <div
      class="css-a3e8py"
      style="will-change: transform;"
    >
      Test container
    </div>
    <div
      class="css-a3e8py"
      style="will-change: transform;"
    >
      Test container
    </div>
    <div
      class="css-a3e8py"
      style="will-change: transform;"
    >
      Test container
    </div>
    <div
      class="css-a3e8py"
      style="will-change: transform;"
    >
      Test container
    </div>
    <div
      class="css-a3e8py"
      style="will-change: transform;"
    >
      Test container
    </div>
    <div
      class="css-a3e8py"
      style="will-change: transform;"
    >
      Test container
    </div>
    <div
      class="css-a3e8py"
      style="will-change: transform;"
    >
      Test container
    </div>
    <div
      class="css-a3e8py"
      style="will-change: transform;"
    >
      Test container
    </div>
    <div
      class="css-a3e8py"
      style="will-change: transform;"
    >
      Test container
    </div>
    <div
      class="css-a3e8py"
      style="will-change: transform;"
    >
      Test container
    </div>
    <div
      class="css-a3e8py"
      style="will-change: transform;"
    >
      Test container
    </div>
    <div
      class="css-a3e8py"
      style="will-change: transform;"
    >
      Test container
    </div>
    <div
      class="css-a3e8py"
      style="will-change: transform;"
    >
      Test container
    </div>
    <div
      class="css-a3e8py"
      style="will-change: transform;"
    >
      Test container
    </div>
    <div
      class="css-a3e8py"
      style="will-change: transform;"
    >
      Test container
    </div>
    <div
      class="css-a3e8py"
      style="will-change: transform;"
    >
      Test container
    </div>
  </div>
</div>
`;
